---
source: tests/snapshot_tests.rs
expression: output.normalized_stderr()
---
