---
source: tests/snapshot_xml.rs
expression: stderr
---

