---
source: tests/snapshot_xml.rs
expression: vlan_section
---
<vlans>
    <vlan>
      <if>em0</if>
      <tag>2532</tag>
      <descr>Development VLAN 2532</descr>
    </vlan>
  </vlans>
