---
source: tests/snapshot_csv.rs
expression: stdout
---
🔧 OPNsense Config Faker - Configuration Generator 📊 Generating CSV configuration data... Summary: 📊 Configurations: 3 📁 Output file: <TEMP_DIR> 🏷️ VLAN IDs: 2190 - 4062
