---
source: tests/snapshot_csv.rs
expression: stderr
---
