---
source: tests/snapshot_tests.rs
expression: output.normalized_stdout()
---
Generate network configuration data in CSV or XML format Usage: opnsense-config-faker generate [OPTIONS] --format <FORMAT> Options: -f, --format <FORMAT> Output format (csv or xml) Possible values: - csv: Generate CSV file with VLAN configuration data - xml: Generate complete OPNsense XML configuration -q, --quiet Suppress non-essential output (progress bars, summaries, etc.) -c, --count <COUNT> Number of VLAN configurations to generate Note: For unique VLAN generation (XML format), maximum is 4085 due to VLAN ID range constraints (10-4094). CSV format may allow duplicates. [default: 10] --output <OUTPUT> Output file path (for CSV format) or directory (for XML format) --output-dir <OUTPUT_DIR> Output directory for generated XML files (XML format only) [default: output] -b, --base-config <BASE_CONFIG> Base OPNsense configuration XML file (required for XML format) --csv-file <CSV_FILE> Use existing CSV file for configuration data (XML format only) --firewall-nr <FIREWALL_NR> Firewall number for naming (used in filenames for XML format) [default: 1] --opt-counter <OPT_COUNTER> OPT interface counter starting value (XML format only) [default: 6] -F, --force Force overwrite existing files --seed <SEED> Random seed for reproducible generation --no-color Disable colored output (useful for scripts and CI) -i, --interactive Interactive mode - prompt for missing required arguments --include-firewall-rules Include firewall rules in generated configurations --firewall-rules-per-vlan <FIREWALL_RULES_PER_VLAN> Number of firewall rules per VLAN (default: based on complexity level) --firewall-rule-complexity <FIREWALL_RULE_COMPLEXITY> Firewall rule complexity level (basic, intermediate, advanced) [default: intermediate] -h, --help Print help (see a summary with '-h')
