---
source: tests/snapshot_xml.rs
expression: dhcp_section
---
<dhcpd>
    <opt8>
      <enable>1</enable>
      <range>
        <from>10.106.89.100</from>
        <to>10.106.89.200</to>
      </range>
    </opt8>
  </dhcpd>
