---
source: tests/snapshot_csv.rs
expression: normalized_csv
---
VLAN,IP Range,Beschreibung,WAN
554,10.134.64.x,Legal VLAN 554,3
2609,10.252.104.x,Management VLAN 2609,1
2532,10.106.89.x,Development VLAN 2532,1
3479,10.160.34.x,Support VLAN 3479,1
3367,10.237.153.x,Legal VLAN 3367,3
