---
source: tests/snapshot_tests.rs
expression: normalized_stderr
---

