---
source: tests/snapshot_csv.rs
expression: stdout
---
🔧 OPNsense Config Faker - Configuration Generator 📊 Generating CSV configuration data... Summary: 📊 Configurations: 10 📁 Output file: <TEMP_DIR> 🏷️ VLAN IDs: 749 - 3710
